log.h:436:19:log_init	0	static
board_f.c:132:12:display_text_info	0	static
board_f.c:269:12:setup_mon_len	0	static
board_f.c:297:12:arch_cpu_init	0	static
board_f.c:380:12:reserve_round_4k	0	static
board_f.c:387:12:reserve_mmu	0	static
board_f.c:450:12:reserve_uboot	0	static
board_f.c:496:12:reserve_malloc	0	static
board_f.c:521:12:setup_machine	0	static
board_f.c:529:12:reserve_global_data	0	static
board_f.c:538:12:reserve_fdt	0	static
board_f.c:238:12:dram_init_banksize	8	static
board_f.c:727:12:setup_reloc	8	static
board_f.c:676:12:reloc_fdt	8	static
board_f.c:509:12:reserve_board	8	static
board_f.c:204:12:announce_dram_init	8	static
board_f.c:249:12:init_func_i2c	8	static
board_f.c:126:12:init_baud_rate	8	static
board_f.c:832:12:initf_dm	0	static
board_f.c:798:12:initf_bootstage	8	static
board_f.c:858:12:arch_cpu_init_dm	0	static
board_f.c:286:12:setup_spl_handoff	0	static
board_f.c:302:12:mach_cpu_init	0	static
board_f.c:414:12:reserve_video	0	static
board_f.c:438:12:reserve_trace	0	static
board_f.c:559:12:reserve_bootstage	0	static
board_f.c:591:12:reserve_bloblist	0	static
board_f.c:602:12:display_new_sp	0	static
board_f.c:690:12:reloc_bootstage	0	static
board_f.c:709:12:reloc_bloblist	0	static
board_f.c:823:12:initf_console_record	0	static
board_f.c:853:12:reserve_arch	0	static
board_f.c:76:13:coloured_LED_init	0	static
board_f.c:77:13:red_led_on	0	static
board_f.c:78:13:red_led_off	0	static
board_f.c:79:13:green_led_on	0	static
board_f.c:80:13:green_led_off	0	static
board_f.c:81:13:yellow_led_on	0	static
board_f.c:82:13:yellow_led_off	0	static
board_f.c:83:13:blue_led_on	0	static
board_f.c:84:13:blue_led_off	0	static
board_f.c:121:13:board_add_ram_info	0	static
board_f.c:210:12:show_dram_config	8	static
board_f.c:308:14:board_get_usable_ram_top	0	static
board_f.c:325:12:setup_dest_addr	16	static
board_f.c:573:12:arch_reserve_stacks	0	static
board_f.c:578:12:reserve_stacks	0	static
board_f.c:1012:6:board_init_f	16	static
