hash.c:138:12:hash_finish_crc32	8	static
hash.c:112:12:hash_finish_crc16_ccitt	8	static
hash.c:131:12:hash_update_crc32	8	static
hash.c:123:12:hash_init_crc32	8	static
hash.c:96:12:hash_init_crc16_ccitt	8	static
hash.c:104:12:hash_update_crc16_ccitt	8	static
hash.c:84:12:hash_finish_sha256	8	static
hash.c:77:12:hash_update_sha256	8	static
hash.c:69:12:hash_init_sha256	16	static
hash.c:56:12:hash_finish_sha1	8	static
hash.c:49:12:hash_update_sha1	8	static
hash.c:41:12:hash_init_sha1	16	static
hash.c:244:5:hash_lookup_algo	32	static
hash.c:261:5:hash_progressive_lookup_algo	32	static
hash.c:282:5:hash_parse_string	32	static
hash.c:302:5:hash_block	32	static
hash.c:446:5:hash_command	104	static
