usb.c:317:1:usb_set_maxpacket_ep	12	static
usb.c:199:5:usb_int_msg	4	static
usb.c:215:5:usb_control_msg	160	static
usb.c:557:12:usb_get_descriptor	40	static
usb.c:922:12:get_descriptor_len	608	static
usb.c:947:12:usb_setup_descriptor	8	static
usb.c:723:12:usb_get_string	56	static
usb.c:759:12:usb_string_sub	32	static
usb.c:267:5:usb_bulk_msg	16	static
usb.c:296:5:usb_maxpacket	0	static
usb.c:528:5:usb_clear_halt	48	static
usb.c:569:5:usb_get_configuration_len	152	static
usb.c:592:5:usb_get_configuration_no	16	static
usb.c:622:5:usb_set_interface	48	static
usb.c:680:5:usb_set_protocol	40	static
usb.c:690:5:usb_set_idle	40	static
usb.c:700:5:usb_get_report	40	static
usb.c:712:5:usb_get_class_descriptor	40	static
usb.c:799:5:usb_string	600	static
usb.c:1071:5:usb_select_config	64	static
usb.c:1154:5:usb_setup_device	48	static
usb.c:1208:5:board_usb_init	0	static
usb.c:1214:5:board_usb_cleanup	0	static
usb.c:1219:6:usb_device_has_child_on_port	0	static
usb.c:1229:6:usb_find_usb2_hub_address_port	24	static
